[OpenAFile()] nOpenFile: 0
[OpenAFile()] tableIdx: 0
[ExceptionHandler()] status: 0
