decstation-ultrix-gcc: file path prefix `/usr/bin/local/nachos/decstation-ultrix/bin/' never used
decstation-ultrix-gcc: file path prefix `/usr/bin/local/nachos/decstation-ultrix/bin/' never used
decstation-ultrix-gcc: file path prefix `/usr/bin/local/nachos/decstation-ultrix/bin/' never used
decstation-ultrix-gcc: file path prefix `/usr/bin/local/nachos/decstation-ultrix/bin/' never used
decstation-ultrix-gcc: file path prefix `/usr/bin/local/nachos/decstation-ultrix/bin/' never used
decstation-ultrix-gcc: file path prefix `/usr/bin/local/nachos/decstation-ultrix/bin/' never used
decstation-ultrix-gcc: file path prefix `/usr/bin/local/nachos/decstation-ultrix/bin/' never used
decstation-ultrix-gcc: file path prefix `/usr/bin/local/nachos/decstation-ultrix/bin/' never used
