[OpenAFile()] nOpenFile: 0
[OpenAFile()] tableIdx: 0
[OpenAFile()] nOpenFile: 1
[OpenAFile()] nOpenFile: 1
[OpenAFile()] nOpenFile: 1
[OpenAFile()] nOpenFile: 1
[OpenAFile()] nOpenFile: 1
[OpenAFile()] tableIdx: 1
[OpenAFile()] nOpenFile: 2
[OpenAFile()] nOpenFile: 2
[OpenAFile()] nOpenFile: 2
[OpenAFile()] nOpenFile: 2
[OpenAFile()] nOpenFile: 2
[OpenAFile()] nOpenFile: 2
[OpenAFile()] nOpenFile: 2
[OpenAFile()] nOpenFile: 2
[OpenAFile()] nOpenFile: 2
[OpenAFile()] nOpenFile: 1
[OpenAFile()] tableIdx: 2
[OpenAFile()] nOpenFile: 2
[OpenAFile()] nOpenFile: 2
[OpenAFile()] nOpenFile: 2
[OpenAFile()] nOpenFile: 2
[OpenAFile()] nOpenFile: 2
[OpenAFile()] nOpenFile: 2
[OpenAFile()] nOpenFile: 2
[OpenAFile()] tableIdx: 3
[OpenAFile()] nOpenFile: 3
[OpenAFile()] tableIdx: 4
[OpenAFile()] nOpenFile: 4
[OpenAFile()] tableIdx: 5
[OpenAFile()] nOpenFile: 5
[OpenAFile()] nOpenFile: 5
[OpenAFile()] nOpenFile: 5
[OpenAFile()] tableIdx: 6
[OpenAFile()] nOpenFile: 6
[OpenAFile()] tableIdx: 7
[OpenAFile()] nOpenFile: 7
[OpenAFile()] nOpenFile: 4
[OpenAFile()] nOpenFile: 4
[OpenAFile()] nOpenFile: 3
[OpenAFile()] tableIdx: 8
[OpenAFile()] nOpenFile: 4
[OpenAFile()] tableIdx: 9
[OpenAFile()] nOpenFile: 5
[OpenAFile()] nOpenFile: 5
[OpenAFile()] nOpenFile: 5
[OpenAFile()] nOpenFile: 5
[OpenAFile()] tableIdx: 10
[OpenAFile()] nOpenFile: 6
[OpenAFile()] tableIdx: 11
[OpenAFile()] nOpenFile: 7
[OpenAFile()] nOpenFile: 7
[OpenAFile()] tableIdx: 12
[OpenAFile()] nOpenFile: 8
[OpenAFile()] tableIdx: 13
[OpenAFile()] nOpenFile: 9
[OpenAFile()] nOpenFile: 9
[OpenAFile()] nOpenFile: 9
[OpenAFile()] tableIdx: 14
[OpenAFile()] nOpenFile: 10
[OpenAFile()] nOpenFile: 10
[OpenAFile()] tableIdx: 15
[OpenAFile()] nOpenFile: 11
[OpenAFile()] tableIdx: 16
[OpenAFile()] nOpenFile: 10
[OpenAFile()] nOpenFile: 10
[OpenAFile()] nOpenFile: 10
[OpenAFile()] nOpenFile: 10
[OpenAFile()] tableIdx: 17
[OpenAFile()] nOpenFile: 11
[OpenAFile()] nOpenFile: 11
[OpenAFile()] nOpenFile: 10
[OpenAFile()] nOpenFile: 10
[OpenAFile()] tableIdx: 18
[OpenAFile()] nOpenFile: 11
[OpenAFile()] nOpenFile: 11
[OpenAFile()] tableIdx: 19
[OpenAFile()] nOpenFile: 12
[OpenAFile()] tableIdx: 1
[OpenAFile()] nOpenFile: 13
[OpenAFile()] tableIdx: 4
[OpenAFile()] nOpenFile: 13
[OpenAFile()] tableIdx: 2
[OpenAFile()] nOpenFile: 14
[OpenAFile()] nOpenFile: 14
[OpenAFile()] tableIdx: 6
