[OpenAFile()] nOpenFile: 0
[OpenAFile()] tableIdx: 0
